 WCA Result : contingency index 1 preventive 0 no security rules
 WCA Result : base case 
 WCA Result : preventive action index 0 BILEVEL flow with uncertainties 451.001 MW without 435.232 MW limit 475.407 MW line or transformer "TRANSFORMER_1"
 WCA Result : basic limits  no violations
 WCA Result : basic_violation 0 rule_violation 0 preventive_action_index 0
