 WCA Result : contingency index 1 preventive 0 no security rules
 WCA Result : base case 
 WCA Result : preventive action index 0 BILEVEL flow with uncertainties 73.5138 MW without 52.8462 MW limit 71.04 MW line or transformer "TRANSFORMER_2"
 WCA Result : basic limits   most severe violation on line or transformer "TRANSFORMER_2" flow with uncertainties 73.5138 without 52.8462 basic threshold 71.04
 WCA Result : basic_violation 1 rule_violation 0 preventive_action_index 0
